start
[0, 1, 2, 3, 4, 5, 6, 7]
start
1 0 acc 21.02% loss 0.0352280471812595
start
2 1 acc 16.97% loss 0.035279455510052765
1 3 acc 26.70% loss 0.035203046250072395
start
3 2 acc 17.47% loss 0.03521809693087231
2 4 acc 16.97% loss 0.035164586353031074
1 5 acc 30.68% loss 0.03500930440019478
3 6 acc 23.86% loss 0.03527706980027936
2 7 acc 15.98% loss 0.03533438169820742
global attacker None Chech if No attacker selected
Round 1 completed
[0, 1, 2, 3, 4, 5, 6, 7]
2 1 acc 55.82% loss 0.027486091225662014
1 0 acc 62.50% loss 0.02675009738992561
3 2 acc 57.60% loss 0.027728581716391174
2 3 acc 62.57% loss 0.026965109885416248
3 5 acc 52.84% loss 0.02759924725714055
1 4 acc 64.84% loss 0.02671500371599739
2 6 acc 59.66% loss 0.027223268947140736
3 7 acc 58.03% loss 0.027193086899139664
global attacker None Chech if No attacker selected
Round 2 completed
[0, 1, 2, 3, 4, 5, 6, 7]
1 0 acc 72.87% loss 0.014882841528477993
2 1 acc 73.30% loss 0.01470660562203689
3 2 acc 71.66% loss 0.015038775407116522
1 3 acc 72.09% loss 0.014803685247898102
2 4 acc 73.44% loss 0.014476225584406744
3 5 acc 70.95% loss 0.015605023257773031
1 6 acc 71.38% loss 0.015456585594537582
2 7 acc 69.96% loss 0.015686817678876898
global attacker None Chech if No attacker selected
Round 3 completed
[0, 1, 2, 3, 4, 5, 6, 7]
3 5 acc 78.76% loss 0.010520311051302335
3 6 acc 77.20% loss 0.011079966979609295
3 7 acc 76.99% loss 0.01178559542379596
Round 4 completed
[0, 1, 2, 3, 4, 5, 6, 7]
3 5 acc 85.09% loss 0.007780227344483137
3 6 acc 84.94% loss 0.007969984636557374
3 7 acc 83.17% loss 0.00871052637442269
Round 5 completed
[0, 1, 2, 3, 4, 5, 6, 7]
1 5 acc 87.22% loss 0.006177688038653948
1 6 acc 89.13% loss 0.005760824572379616
1 7 acc 89.06% loss 0.006002644913017072
Round 6 completed
[0, 1, 2, 3, 4, 5, 6, 7]
