COMPILE_OK
[fake] K=8 before={'acc': 10.23, 'asr': 0.0}
[fake] req=4 requester(defender) plain       ASR 100.0 ACC 9.82 retain 100.0 | z: 0.2:+0.0 0.4:+0.0 0.6:+0.0 0.8:+0.0 1.0:+0.0
[fake] req=4 requester(defender) progressive ASR 100.0 ACC 9.82 retain 100.0 | z: 0.2:+0.0 0.4:+0.0 0.6:+0.0 0.8:+0.0 1.0:+0.0
[fake] req=5 benign              plain       ASR 0.0 ACC 10.23 retain 0.0 | z: 0.2:-0.4 0.4:-0.4 0.6:-0.4 0.8:-0.4 1.0:-0.4
[fake] req=5 benign              progressive ASR 0.0 ACC 10.23 retain 0.0 | z: 0.2:-0.4 0.4:-0.4 0.6:-0.4 0.8:-0.4 1.0:-0.4

== fake  before: ACC 10.23 / ASR 0.0   (ASR (ACC) 경보/정화)
arm                           req4                  req5
plain            100.0 (  9.8) 0/0       0.0 ( 10.2) 0/0
progressive      100.0 (  9.8) 0/0       0.0 ( 10.2) 0/0
-> C:/Users/sijoo/AppData/Local/Temp/bfu/rm_smoke/pf.json
SMOKE_OK
[loc_fuba] K=8 before={'acc': 94.8, 'asr': 9.11}
[loc_fuba] req=4 requester(defender) plain       ASR 62.92 ACC 75.03 retain 22.08 | z: 0.2:+8.9! 0.4:+13.6! 0.6:+11.9! 0.8:+8.5! 1.0:+12.6!
[loc_fuba] req=4 requester(defender) end         ASR 9.68 ACC 90.97 retain 4.95 | z: 0.2:+8.9! 0.4:+13.6! 0.6:+11.9! 0.8:+8.5! 1.0:+12.6!P
[loc_fuba] req=4 requester(defender) progressive ASR 7.75 ACC 91.87 retain 4.16 | z: 0.2:+8.9!P 0.4:+3.5!P 0.6:+1.2 0.8:+2.2 1.0:+3.1!P
[loc_fuba] req=4 requester(defender) always      ASR 8.63 ACC 92.22 retain 3.79 | z: 0.2:+8.9!P 0.4:+3.5!P 0.6:+1.2P 0.8:-0.4P 1.0:-0.5P
[loc_fuba] req=7 benign              plain       ASR 21.67 ACC 92.61 retain 3.55 | z: 0.2:-0.8 0.4:-0.3 0.6:-0.2 0.8:-0.0 1.0:-0.0
[loc_fuba] req=7 benign              end         ASR 7.61 ACC 94.38 retain 1.96 | z: 0.2:-0.8 0.4:-0.3 0.6:-0.2 0.8:-0.0 1.0:-0.0P
[loc_fuba] req=7 benign              progressive ASR 21.67 ACC 92.61 retain 3.55 | z: 0.2:-0.8 0.4:-0.3 0.6:-0.2 0.8:-0.0 1.0:-0.0
[loc_fuba] req=7 benign              always      ASR 6.93 ACC 94.51 retain 1.95 | z: 0.2:-0.8P 0.4:-0.6P 0.6:-0.6P 0.8:-0.7P 1.0:-0.6P
[loc_fuba] req=5 benign              plain       ASR 22.38 ACC 92.28 retain 4.05 | z: 0.2:-0.1 0.4:+0.1 0.6:+0.1 0.8:+0.3 1.0:-0.1
[loc_fuba] req=5 benign              end         ASR 7.33 ACC 94.39 retain 2.01 | z: 0.2:-0.1 0.4:+0.1 0.6:+0.1 0.8:+0.3 1.0:-0.1P
[loc_fuba] req=5 benign              progressive ASR 22.38 ACC 92.28 retain 4.05 | z: 0.2:-0.1 0.4:+0.1 0.6:+0.1 0.8:+0.3 1.0:-0.1
[loc_fuba] req=5 benign              always      ASR 6.97 ACC 94.39 retain 2.04 | z: 0.2:-0.1P 0.4:-0.6P 0.6:-0.6P 0.8:-0.6P 1.0:-0.6P

== loc_fuba  before: ACC 94.8 / ASR 9.11   (ASR (ACC) 경보/정화)
arm                           req4                  req7                  req5
plain             62.9 ( 75.0) 5/0      21.7 ( 92.6) 0/0      22.4 ( 92.3) 0/0
end                9.7 ( 91.0) 5/1       7.6 ( 94.4) 0/1       7.3 ( 94.4) 0/1
progressive        7.8 ( 91.9) 3/3      21.7 ( 92.6) 0/0      22.4 ( 92.3) 0/0
always             8.6 ( 92.2) 2/5       6.9 ( 94.5) 0/5       7.0 ( 94.4) 0/5
-> logs/progressive_fu/loc_fuba.json
exit 0
